// Jest Snapshot v1, https://goo.gl/fbAQLP

exports[`Test HomePage component <HomePage> 1`] = `
<div
  className="col-12 home_page"
>
  <p>
    Hi, today is 25 of June, 2020 year.
  </p>
  <p>
    This is one of my app - ToDo
    <sup>
      v.1.1
    </sup>
    .
  </p>
  <Link
    to="/app"
  >
    <button
      className="btn btn-outline-secondary btn-lg mt-4 mb-4"
    >
       
      Welcome!
       
    </button>
  </Link>
  <div
    className="reactIcons"
  >
    <FaNpm
      title="NPM"
    />
    <FaReact
      title="React/Redux"
    />
    <FaNode
      title="Node"
    />
    <FaSass
      title="Sass"
    />
    <FaBootstrap
      title="Bootstrap"
    />
    <DiFirebase
      title="Firebase"
    />
  </div>
</div>
`;
